Person
  FirstName:jane
  LastName:smith
  Sex:Male
  Age:38
